// Jest Snapshot v1, https://goo.gl/fbAQLP

exports[`<Main /> renders correctly 1`] = `
<View
  style={
    Object {
      "flex": 1,
    }
  }
>
  <View
    style={
      Object {
        "alignItems": "center",
        "backgroundColor": "#E91E63",
        "borderBottomColor": "#ddd",
        "borderBottomWidth": 10,
        "justifyContent": "center",
      }
    }
  >
    <Text
      style={
        Object {
          "color": "white",
          "fontSize": 18,
          "padding": 26,
        }
      }
    >
      To Do App
    </Text>
  </View>
  <RCTScrollView
    style={
      Object {
        "flex": 1,
        "marginBottom": 100,
      }
    }
  >
    <View />
  </RCTScrollView>
  <View
    accessible={true}
    focusable={true}
    onClick={[Function]}
    onResponderGrant={[Function]}
    onResponderMove={[Function]}
    onResponderRelease={[Function]}
    onResponderTerminate={[Function]}
    onResponderTerminationRequest={[Function]}
    onStartShouldSetResponder={[Function]}
    style={
      Object {
        "alignItems": "center",
        "backgroundColor": "#E91E63",
        "borderRadius": 50,
        "bottom": 90,
        "elevation": 8,
        "height": 90,
        "justifyContent": "center",
        "position": "absolute",
        "right": 20,
        "width": 90,
      }
    }
  >
    <Text
      style={
        Object {
          "color": "#fff",
          "fontSize": 24,
        }
      }
    >
      +
    </Text>
  </View>
  <View
    style={
      Object {
        "bottom": 0,
        "left": 0,
        "position": "absolute",
        "right": 0,
        "zIndex": 10,
      }
    }
  >
    <TextInput
      allowFontScaling={true}
      id="note"
      onChangeText={[Function]}
      placeholder=" Add Notes Here"
      placeholderTextColor="white"
      rejectResponderTermination={true}
      style={
        Object {
          "alignSelf": "stretch",
          "backgroundColor": "#252525",
          "borderTopColor": "#ededed",
          "borderTopWidth": 2,
          "color": "#fff",
          "padding": 20,
        }
      }
      underlineColorAndroid="transparent"
      value=""
    />
  </View>
</View>
`;
